== listing round 0: 39 pending of 70
[18:40:27] listing_r0_0001_1791283225: 10 calls in 2s; ok=0
[18:40:27] listing_r0_0000_1791283225: 10 calls in 2s; ok=0
[18:40:27] listing_r0_0002_1791283225: 10 calls in 2s; ok=0
[18:40:27] quota hit in listing; sleeping 20 min
== listing round 0: 39 pending of 70
[19:00:28] listing_r0_0001_1791284427: 10 calls in 1s; ok=0[19:00:28] listing_r0_0000_1791284427: 10 calls in 1s; ok=0

[19:00:29] listing_r0_0002_1791284427: 10 calls in 2s; ok=0
[19:00:29] listing_r0_0003_1791284428: 9 calls in 2s; ok=0
[19:00:29] quota hit in listing; sleeping 20 min
== listing round 0: 39 pending of 70
[19:20:31] listing_r0_0000_1791285629: 10 calls in 2s; ok=0
[19:20:31] listing_r0_0002_1791285629: 10 calls in 2s; ok=0
[19:20:31] listing_r0_0001_1791285629: 10 calls in 2s; ok=0
[19:20:31] quota hit in listing; sleeping 20 min
== listing round 0: 39 pending of 70
[19:40:33] listing_r0_0000_1791286831: 10 calls in 2s; ok=0
[19:40:33] listing_r0_0002_1791286831: 10 calls in 2s; ok=0
[19:40:33] listing_r0_0001_1791286831: 10 calls in 2s; ok=0
[19:40:33] quota hit in listing; sleeping 20 min
== listing round 0: 39 pending of 70
[20:00:37] listing_r0_0002_1791288035: 10 calls in 2s; ok=0
[20:00:37] listing_r0_0000_1791288035: 10 calls in 2s; ok=0
[20:00:37] listing_r0_0001_1791288035: 10 calls in 2s; ok=0
[20:00:37] quota hit in listing; sleeping 20 min
== listing round 0: 39 pending of 70
[20:20:38] listing_r0_0000_1791289237: 10 calls in 1s; ok=0
[20:20:39] listing_r0_0002_1791289237: 10 calls in 2s; ok=0
[20:20:39] listing_r0_0001_1791289237: 10 calls in 2s; ok=0
[20:20:39] listing_r0_0003_1791289238: 9 calls in 2s; ok=0
[20:20:39] quota hit in listing; sleeping 20 min
== listing round 0: 35 pending of 70
[20:40:41] listing_r0_0001_1791290439: 10 calls in 2s; ok=0
[20:40:41] listing_r0_0002_1791290439: 10 calls in 2s; ok=0
[20:40:41] listing_r0_0000_1791290439: 10 calls in 2s; ok=0
[20:40:41] quota hit in listing; sleeping 20 min
== listing round 0: 35 pending of 70
[21:00:43] listing_r0_0001_1791291641: 10 calls in 2s; ok=0
[21:00:43] listing_r0_0002_1791291641: 10 calls in 2s; ok=0
[21:00:43] listing_r0_0000_1791291641: 10 calls in 2s; ok=0
[21:00:43] quota hit in listing; sleeping 20 min
== listing round 0: 35 pending of 70
[21:20:45] listing_r0_0000_1791292843: 10 calls in 2s; ok=0
[21:20:45] listing_r0_0002_1791292843: 10 calls in 2s; ok=0
[21:20:45] listing_r0_0001_1791292843: 10 calls in 2s; ok=0
[21:20:45] quota hit in listing; sleeping 20 min
== listing round 0: 35 pending of 70
[21:40:47] listing_r0_0001_1791294045: 10 calls in 2s; ok=0
[21:40:47] listing_r0_0000_1791294045: 10 calls in 2s; ok=0
[21:40:47] listing_r0_0002_1791294045: 10 calls in 2s; ok=0
[21:40:47] quota hit in listing; sleeping 20 min
== listing round 0: 35 pending of 70
[22:00:48] listing_r0_0000_1791295247: 10 calls in 1s; ok=0
[22:00:48] listing_r0_0001_1791295247: 10 calls in 1s; ok=0
[22:00:49] listing_r0_0002_1791295247: 10 calls in 2s; ok=0
[22:00:50] listing_r0_0003_1791295248: 5 calls in 2s; ok=0
[22:00:50] quota hit in listing; sleeping 20 min
== listing round 0: 29 pending of 70
[22:20:52] listing_r0_0000_1791296450: 10 calls in 2s; ok=0
[22:20:52] listing_r0_0001_1791296450: 10 calls in 2s; ok=0
[22:20:52] listing_r0_0002_1791296450: 9 calls in 2s; ok=0
[22:20:52] quota hit in listing; sleeping 20 min
== listing round 0: 29 pending of 70
[22:40:53] listing_r0_0000_1791297652: 10 calls in 2s; ok=0
[22:40:53] listing_r0_0001_1791297652: 10 calls in 2s; ok=0
[22:40:54] listing_r0_0002_1791297652: 9 calls in 2s; ok=0
[22:40:54] quota hit in listing; sleeping 20 min
== listing round 0: 29 pending of 70
[23:02:15] listing_r0_0002_1791298854: 9 calls in 82s; ok=5
[23:04:50] listing_r0_0000_1791298854: 10 calls in 236s; ok=7
[23:05:05] listing_r0_0001_1791298854: 10 calls in 251s; ok=6
== listing round 1: 8 pending of 70
[23:06:39] listing_r1_0000_1791299105: 8 calls in 94s; ok=8
== listing round 2: 0 pending of 70
== listing_info round 0: 174 pending of 174
[23:12:43] listing_info_r0_0002_1791299199: 15 calls in 364s; ok=9
[23:12:45] listing_info_r0_0000_1791299199: 15 calls in 366s; ok=9
[23:12:49] listing_info_r0_0001_1791299199: 15 calls in 370s; ok=6
[23:12:49] quota hit in listing_info; sleeping 20 min
== listing round 0: 0 pending of 70
== listing_info round 0: 150 pending of 150
[23:32:50] listing_info_r0_0002_1791300769: 15 calls in 2s; ok=0
[23:32:51] listing_info_r0_0000_1791300769: 15 calls in 2s; ok=0
[23:32:51] listing_info_r0_0001_1791300769: 15 calls in 2s; ok=0
[23:32:51] quota hit in listing_info; sleeping 20 min
== listing round 0: 0 pending of 70
== listing_info round 0: 150 pending of 150
[23:52:52] listing_info_r0_0001_1791301971: 15 calls in 2s; ok=0[23:52:52] listing_info_r0_0002_1791301971: 15 calls in 2s; ok=0

[23:52:52] listing_info_r0_0000_1791301971: 15 calls in 2s; ok=0
[23:52:52] quota hit in listing_info; sleeping 20 min
== listing round 0: 0 pending of 70
== listing_info round 0: 150 pending of 150
[00:12:54] listing_info_r0_0001_1791303172: 15 calls in 2s; ok=0
[00:12:54] listing_info_r0_0000_1791303172: 15 calls in 2s; ok=0
[00:12:54] listing_info_r0_0002_1791303172: 15 calls in 2s; ok=0
[00:12:54] quota hit in listing_info; sleeping 20 min
== listing round 0: 0 pending of 70
== listing_info round 0: 150 pending of 150
[00:32:56] listing_info_r0_0001_1791304374: 15 calls in 2s; ok=0
[00:32:56] listing_info_r0_0000_1791304374: 15 calls in 2s; ok=0
[00:32:56] listing_info_r0_0002_1791304374: 15 calls in 2s; ok=0
[00:32:56] quota hit in listing_info; sleeping 20 min
== listing round 0: 0 pending of 70
== listing_info round 0: 150 pending of 150
[00:52:57] listing_info_r0_0002_1791305576: 15 calls in 2s; ok=0
[00:52:58] listing_info_r0_0001_1791305576: 15 calls in 2s; ok=0
[00:52:58] listing_info_r0_0000_1791305576: 15 calls in 2s; ok=0
[00:52:58] quota hit in listing_info; sleeping 20 min
== listing round 0: 0 pending of 70
== listing_info round 0: 150 pending of 150
[01:12:59] listing_info_r0_0000_1791306778: 15 calls in 2s; ok=0
[01:12:59] listing_info_r0_0001_1791306778: 15 calls in 2s; ok=0
[01:12:59] listing_info_r0_0002_1791306778: 15 calls in 2s; ok=0
[01:12:59] quota hit in listing_info; sleeping 20 min
== listing round 0: 0 pending of 70
== listing_info round 0: 150 pending of 150
[01:33:01] listing_info_r0_0002_1791307979: 15 calls in 2s; ok=0
[01:33:01] listing_info_r0_0001_1791307979: 15 calls in 2s; ok=0
[01:33:01] listing_info_r0_0000_1791307979: 15 calls in 2s; ok=0
[01:33:01] quota hit in listing_info; sleeping 20 min
== listing round 0: 0 pending of 70
== listing_info round 0: 150 pending of 150
[01:53:03] listing_info_r0_0001_1791309181: 15 calls in 2s; ok=0
[01:53:03] listing_info_r0_0002_1791309181: 15 calls in 2s; ok=0
[01:53:03] listing_info_r0_0000_1791309181: 15 calls in 2s; ok=0
[01:53:03] quota hit in listing_info; sleeping 20 min
== listing round 0: 0 pending of 70
== listing_info round 0: 150 pending of 150
[02:13:05] listing_info_r0_0001_1791310383: 15 calls in 2s; ok=0
[02:13:05] listing_info_r0_0002_1791310383: 15 calls in 2s; ok=0
[02:13:05] listing_info_r0_0000_1791310383: 15 calls in 2s; ok=0
[02:13:05] quota hit in listing_info; sleeping 20 min
== listing round 0: 0 pending of 70
== listing_info round 0: 150 pending of 150
[02:33:05] listing_info_r0_0000_1791311585: 15 calls in 1s; ok=0
[02:33:06] listing_info_r0_0001_1791311585: 15 calls in 1s; ok=0
[02:33:06] listing_info_r0_0002_1791311585: 15 calls in 2s; ok=0
[02:33:07] listing_info_r0_0003_1791311585: 15 calls in 2s; ok=0
[02:33:08] listing_info_r0_0004_1791311586: 15 calls in 2s; ok=0
[02:33:08] quota hit in listing_info; sleeping 20 min
== listing round 0: 0 pending of 70
== listing_info round 0: 150 pending of 150
[02:53:09] listing_info_r0_0000_1791312788: 15 calls in 2s; ok=0
[02:53:09] listing_info_r0_0002_1791312788: 15 calls in 2s; ok=0
[02:53:09] listing_info_r0_0001_1791312788: 15 calls in 2s; ok=0
[02:53:09] quota hit in listing_info; sleeping 20 min
== listing round 0: 0 pending of 70
== listing_info round 0: 150 pending of 150
[03:13:10] listing_info_r0_0002_1791313989: 15 calls in 1s; ok=0
[03:13:11] listing_info_r0_0000_1791313989: 15 calls in 2s; ok=0
[03:13:11] listing_info_r0_0001_1791313989: 15 calls in 2s; ok=0
[03:13:12] listing_info_r0_0003_1791313990: 15 calls in 2s; ok=0
[03:13:12] quota hit in listing_info; sleeping 20 min
== listing round 0: 0 pending of 70
== listing_info round 0: 150 pending of 150
[03:33:13] listing_info_r0_0001_1791315192: 15 calls in 2s; ok=0
[03:33:14] listing_info_r0_0000_1791315192: 15 calls in 2s; ok=0
[03:33:14] listing_info_r0_0002_1791315192: 15 calls in 2s; ok=0
[03:33:14] quota hit in listing_info; sleeping 20 min
== listing round 0: 0 pending of 70
== listing_info round 0: 150 pending of 150
[03:53:15] listing_info_r0_0002_1791316394: 15 calls in 2s; ok=0[03:53:15] listing_info_r0_0000_1791316394: 15 calls in 2s; ok=0

[03:53:15] listing_info_r0_0001_1791316394: 15 calls in 2s; ok=0
[03:53:15] quota hit in listing_info; sleeping 20 min
== listing round 0: 0 pending of 70
== listing_info round 0: 150 pending of 150
[04:19:03] listing_info_r0_0002_1791317595: 15 calls in 348s; ok=9
[04:19:08] listing_info_r0_0000_1791317595: 15 calls in 353s; ok=7
[04:19:51] listing_info_r0_0001_1791317595: 15 calls in 396s; ok=6
[04:23:57] listing_info_r0_0005_1791317991: 15 calls in 246s; ok=11
[04:24:40] listing_info_r0_0003_1791317943: 15 calls in 337s; ok=7
[04:25:18] listing_info_r0_0004_1791317948: 15 calls in 370s; ok=7
[04:26:15] listing_info_r0_0008_1791318318: 15 calls in 57s; ok=1
[04:26:30] listing_info_r0_0006_1791318237: 15 calls in 153s; ok=2
[04:26:38] listing_info_r0_0007_1791318280: 15 calls in 118s; ok=0
[04:26:38] quota hit in listing_info; sleeping 20 min
== listing round 0: 0 pending of 70
== listing_info round 0: 92 pending of 100
[04:46:39] listing_info_r0_0002_1791319598: 15 calls in 2s; ok=0
[04:46:39] listing_info_r0_0000_1791319598: 15 calls in 2s; ok=0
[04:46:39] listing_info_r0_0001_1791319598: 15 calls in 2s; ok=0
[04:46:39] quota hit in listing_info; sleeping 20 min
== listing round 0: 0 pending of 70
== listing_info round 0: 92 pending of 100
[05:06:41] listing_info_r0_0001_1791320800: 15 calls in 2s; ok=0
[05:06:41] listing_info_r0_0002_1791320800: 15 calls in 2s; ok=0
[05:06:41] listing_info_r0_0000_1791320800: 15 calls in 2s; ok=0
[05:06:41] quota hit in listing_info; sleeping 20 min
== listing round 0: 0 pending of 70
== listing_info round 0: 92 pending of 100
[05:26:42] listing_info_r0_0000_1791322001: 15 calls in 1s; ok=0
[05:26:43] listing_info_r0_0001_1791322001: 15 calls in 2s; ok=0
[05:26:43] listing_info_r0_0002_1791322001: 15 calls in 2s; ok=0
[05:26:44] listing_info_r0_0003_1791322002: 15 calls in 2s; ok=0
[05:26:44] quota hit in listing_info; sleeping 20 min
== listing round 0: 0 pending of 70
== listing_info round 0: 77 pending of 100
[05:46:46] listing_info_r0_0002_1791323204: 15 calls in 2s; ok=0
[05:46:46] listing_info_r0_0001_1791323204: 15 calls in 2s; ok=0
[05:46:46] listing_info_r0_0000_1791323204: 15 calls in 2s; ok=0
[05:46:46] quota hit in listing_info; sleeping 20 min
== listing round 0: 0 pending of 70
== listing_info round 0: 77 pending of 100
[06:06:47] listing_info_r0_0001_1791324406: 15 calls in 2s; ok=0
[06:06:47] listing_info_r0_0002_1791324406: 15 calls in 2s; ok=0
[06:06:47] listing_info_r0_0000_1791324406: 15 calls in 2s; ok=0
[06:06:48] quota hit in listing_info; sleeping 20 min
== listing round 0: 0 pending of 70
== listing_info round 0: 77 pending of 100
[06:26:49] listing_info_r0_0000_1791325608: 15 calls in 2s; ok=0
[06:26:49] listing_info_r0_0002_1791325608: 15 calls in 2s; ok=0
[06:26:49] listing_info_r0_0001_1791325608: 15 calls in 2s; ok=0
[06:26:49] quota hit in listing_info; sleeping 20 min
== listing round 0: 0 pending of 70
== listing_info round 0: 77 pending of 100
[06:46:51] listing_info_r0_0002_1791326809: 15 calls in 2s; ok=0[06:46:51] listing_info_r0_0001_1791326809: 15 calls in 2s; ok=0

[06:46:51] listing_info_r0_0000_1791326809: 15 calls in 2s; ok=0
[06:46:51] quota hit in listing_info; sleeping 20 min
== listing round 0: 0 pending of 70
== listing_info round 0: 77 pending of 100
[07:06:53] listing_info_r0_0000_1791328011: 15 calls in 2s; ok=0
[07:06:53] listing_info_r0_0002_1791328011: 15 calls in 2s; ok=0
[07:06:53] listing_info_r0_0001_1791328011: 15 calls in 2s; ok=0
[07:06:53] quota hit in listing_info; sleeping 20 min
== listing round 0: 0 pending of 70
== listing_info round 0: 77 pending of 100
[07:26:55] listing_info_r0_0000_1791329213: 15 calls in 2s; ok=0
[07:26:55] listing_info_r0_0001_1791329213: 15 calls in 2s; ok=0
[07:26:55] listing_info_r0_0002_1791329213: 15 calls in 2s; ok=0
[07:26:55] quota hit in listing_info; sleeping 20 min
== listing round 0: 0 pending of 70
== listing_info round 0: 77 pending of 100
[07:46:57] listing_info_r0_0000_1791330415: 15 calls in 2s; ok=0
[07:46:57] listing_info_r0_0001_1791330415: 15 calls in 2s; ok=0
[07:46:57] listing_info_r0_0002_1791330415: 15 calls in 2s; ok=0
[07:46:57] quota hit in listing_info; sleeping 20 min
== listing round 0: 0 pending of 70
== listing_info round 0: 77 pending of 100
[08:06:58] listing_info_r0_0002_1791331617: 15 calls in 2s; ok=0
[08:06:58] listing_info_r0_0000_1791331617: 15 calls in 2s; ok=0
[08:06:58] listing_info_r0_0001_1791331617: 15 calls in 2s; ok=0
[08:06:58] quota hit in listing_info; sleeping 20 min
== listing round 0: 0 pending of 70
== listing_info round 0: 77 pending of 100
[08:26:59] listing_info_r0_0001_1791332818: 15 calls in 1s; ok=0
[08:26:59] listing_info_r0_0000_1791332818: 15 calls in 1s; ok=0
[08:27:00] listing_info_r0_0002_1791332818: 15 calls in 2s; ok=0
[08:27:01] listing_info_r0_0004_1791332819: 15 calls in 2s; ok=0
[08:27:01] listing_info_r0_0003_1791332819: 15 calls in 2s; ok=0
[08:27:01] quota hit in listing_info; sleeping 20 min
== listing round 0: 0 pending of 70
== listing_info round 0: 77 pending of 100
[08:47:03] listing_info_r0_0000_1791334021: 15 calls in 2s; ok=0[08:47:03] listing_info_r0_0002_1791334021: 15 calls in 2s; ok=0

[08:47:03] listing_info_r0_0001_1791334021: 15 calls in 2s; ok=0
[08:47:03] quota hit in listing_info; sleeping 20 min
== listing round 0: 0 pending of 70
== listing_info round 0: 77 pending of 100
[09:08:59] listing_info_r0_0002_1791335223: 15 calls in 117s; ok=1
[09:09:01] listing_info_r0_0000_1791335223: 15 calls in 118s; ok=6
[09:09:13] listing_info_r0_0001_1791335223: 15 calls in 130s; ok=3
[09:09:13] quota hit in listing_info; sleeping 20 min
== listing round 0: 0 pending of 70
== listing_info round 0: 67 pending of 90
[09:29:15] listing_info_r0_0002_1791336553: 15 calls in 2s; ok=0
[09:29:15] listing_info_r0_0000_1791336553: 15 calls in 2s; ok=0
[09:29:15] listing_info_r0_0001_1791336553: 15 calls in 2s; ok=0
[09:29:15] quota hit in listing_info; sleeping 20 min
== listing round 0: 0 pending of 70
== listing_info round 0: 67 pending of 90
[09:49:16] listing_info_r0_0000_1791337755: 15 calls in 1s; ok=0
[09:49:17] listing_info_r0_0002_1791337755: 15 calls in 2s; ok=0
[09:49:17] listing_info_r0_0001_1791337755: 15 calls in 2s; ok=0
[09:49:17] listing_info_r0_0003_1791337756: 15 calls in 2s; ok=0
[09:49:17] quota hit in listing_info; sleeping 20 min
== listing round 0: 0 pending of 70
== listing_info round 0: 56 pending of 90
[10:09:19] listing_info_r0_0000_1791338958: 15 calls in 2s; ok=0
[10:09:19] listing_info_r0_0002_1791338958: 15 calls in 2s; ok=0
[10:09:19] listing_info_r0_0001_1791338958: 15 calls in 2s; ok=0
[10:09:19] quota hit in listing_info; sleeping 20 min
== listing round 0: 0 pending of 70
== listing_info round 0: 56 pending of 90
[10:29:24] listing_info_r0_0000_1791340160: 15 calls in 4s; ok=0
[10:29:24] listing_info_r0_0001_1791340160: 15 calls in 4s; ok=0
[10:29:24] listing_info_r0_0002_1791340160: 15 calls in 4s; ok=0
[10:29:24] quota hit in listing_info; sleeping 20 min
== listing round 0: 0 pending of 70
== listing_info round 0: 56 pending of 90
[10:49:28] listing_info_r0_0001_1791341364: 15 calls in 4s; ok=0
[10:49:28] listing_info_r0_0002_1791341364: 15 calls in 4s; ok=0
[10:49:28] listing_info_r0_0000_1791341364: 15 calls in 4s; ok=0
[10:49:28] quota hit in listing_info; sleeping 20 min
== listing round 0: 0 pending of 70
== listing_info round 0: 56 pending of 90
[11:09:30] listing_info_r0_0002_1791342568: 15 calls in 2s; ok=0
[11:09:30] listing_info_r0_0001_1791342568: 15 calls in 2s; ok=0
[11:09:30] listing_info_r0_0000_1791342568: 15 calls in 2s; ok=0
[11:09:30] quota hit in listing_info; sleeping 20 min
== listing round 0: 0 pending of 70
== listing_info round 0: 56 pending of 90
[11:29:33] listing_info_r0_0002_1791343770: 15 calls in 3s; ok=0
[11:29:34] listing_info_r0_0001_1791343770: 15 calls in 3s; ok=0
[11:29:34] listing_info_r0_0000_1791343770: 15 calls in 4s; ok=0
[11:29:35] listing_info_r0_0003_1791343773: 11 calls in 2s; ok=0
[11:29:35] quota hit in listing_info; sleeping 20 min
== listing round 0: 0 pending of 70
== listing_info round 0: 56 pending of 90
[11:49:37] listing_info_r0_0002_1791344975: 15 calls in 2s; ok=0
[11:49:37] listing_info_r0_0001_1791344975: 15 calls in 2s; ok=0
[11:49:37] listing_info_r0_0000_1791344975: 15 calls in 2s; ok=0
[11:49:37] quota hit in listing_info; sleeping 20 min
== listing round 0: 0 pending of 70
== listing_info round 0: 56 pending of 90
[12:09:38] listing_info_r0_0001_1791346177: 15 calls in 2s; ok=0
[12:09:38] listing_info_r0_0002_1791346177: 15 calls in 2s; ok=0
[12:09:38] listing_info_r0_0000_1791346177: 15 calls in 2s; ok=0
[12:09:38] quota hit in listing_info; sleeping 20 min
== listing round 0: 0 pending of 70
== listing_info round 0: 56 pending of 90
[12:29:39] listing_info_r0_0002_1791347378: 15 calls in 1s; ok=0
[12:29:40] listing_info_r0_0000_1791347378: 15 calls in 2s; ok=0
[12:29:40] listing_info_r0_0001_1791347378: 15 calls in 2s; ok=0
[12:29:41] listing_info_r0_0003_1791347379: 11 calls in 2s; ok=0
[12:29:41] quota hit in listing_info; sleeping 20 min
== listing round 0: 0 pending of 70
== listing_info round 0: 56 pending of 90
[12:49:42] listing_info_r0_0001_1791348581: 15 calls in 2s; ok=0
[12:49:42] listing_info_r0_0000_1791348581: 15 calls in 2s; ok=0
[12:49:43] listing_info_r0_0002_1791348581: 15 calls in 2s; ok=0
[12:49:43] quota hit in listing_info; sleeping 20 min
== listing round 0: 0 pending of 70
== listing_info round 0: 56 pending of 90
[13:09:44] listing_info_r0_0002_1791349783: 15 calls in 2s; ok=0[13:09:44] listing_info_r0_0000_1791349783: 15 calls in 2s; ok=0

[13:09:45] listing_info_r0_0001_1791349783: 15 calls in 2s; ok=0
[13:09:45] quota hit in listing_info; sleeping 20 min
== listing round 0: 0 pending of 70
== listing_info round 0: 56 pending of 90
[13:29:45] listing_info_r0_0001_1791350985: 15 calls in 1s; ok=0
[13:29:46] listing_info_r0_0002_1791350985: 15 calls in 2s; ok=0
[13:29:46] listing_info_r0_0000_1791350985: 15 calls in 2s; ok=0
[13:29:47] listing_info_r0_0003_1791350985: 11 calls in 2s; ok=0
[13:29:47] quota hit in listing_info; sleeping 20 min
== listing round 0: 0 pending of 70
== listing_info round 0: 56 pending of 90
[13:49:48] listing_info_r0_0001_1791352187: 15 calls in 1s; ok=0
[13:49:49] listing_info_r0_0000_1791352187: 15 calls in 2s; ok=0
[13:49:49] listing_info_r0_0002_1791352187: 15 calls in 2s; ok=0
[13:49:49] listing_info_r0_0003_1791352188: 11 calls in 2s; ok=0
[13:49:49] quota hit in listing_info; sleeping 20 min
== listing round 0: 0 pending of 70
== listing_info round 0: 56 pending of 90
[14:09:54] listing_info_r0_0001_1791353392: 15 calls in 2s; ok=0[14:09:54] listing_info_r0_0002_1791353392: 15 calls in 2s; ok=0

[14:09:54] listing_info_r0_0000_1791353392: 15 calls in 2s; ok=0
[14:09:54] quota hit in listing_info; sleeping 20 min
== listing round 0: 0 pending of 70
== listing_info round 0: 56 pending of 90
[14:29:56] listing_info_r0_0002_1791354594: 15 calls in 2s; ok=0
[14:29:56] listing_info_r0_0000_1791354594: 15 calls in 2s; ok=0
[14:29:56] listing_info_r0_0001_1791354594: 15 calls in 2s; ok=0
[14:29:56] quota hit in listing_info; sleeping 20 min
== listing round 0: 0 pending of 70
== listing_info round 0: 56 pending of 90
[14:49:57] listing_info_r0_0002_1791355796: 15 calls in 2s; ok=0
[14:49:57] listing_info_r0_0001_1791355796: 15 calls in 2s; ok=0
[14:49:57] listing_info_r0_0000_1791355796: 15 calls in 2s; ok=0
[14:49:57] quota hit in listing_info; sleeping 20 min
== listing round 0: 0 pending of 70
== listing_info round 0: 56 pending of 90
[15:09:58] listing_info_r0_0000_1791356997: 15 calls in 1s; ok=0
[15:09:59] listing_info_r0_0002_1791356997: 15 calls in 2s; ok=0
[15:09:59] listing_info_r0_0001_1791356997: 15 calls in 2s; ok=0
[15:10:00] listing_info_r0_0003_1791356998: 11 calls in 2s; ok=0
[15:10:00] quota hit in listing_info; sleeping 20 min
== listing round 0: 0 pending of 70
== listing_info round 0: 52 pending of 90
[15:30:03] listing_info_r0_0002_1791358200: 15 calls in 3s; ok=0
[15:30:03] listing_info_r0_0000_1791358200: 15 calls in 3s; ok=0
[15:30:03] listing_info_r0_0001_1791358200: 15 calls in 3s; ok=0
[15:30:03] quota hit in listing_info; sleeping 20 min
== listing round 0: 0 pending of 70
== listing_info round 0: 52 pending of 90
[15:50:04] listing_info_r0_0000_1791359403: 15 calls in 2s; ok=0
[15:50:04] listing_info_r0_0002_1791359403: 15 calls in 2s; ok=0
[15:50:05] listing_info_r0_0001_1791359403: 15 calls in 2s; ok=0
[15:50:05] quota hit in listing_info; sleeping 20 min
== listing round 0: 0 pending of 70
== listing_info round 0: 52 pending of 90
[16:10:06] listing_info_r0_0002_1791360605: 15 calls in 2s; ok=0
[16:10:06] listing_info_r0_0001_1791360605: 15 calls in 2s; ok=0
[16:10:06] listing_info_r0_0000_1791360605: 15 calls in 2s; ok=0
[16:10:06] quota hit in listing_info; sleeping 20 min
== listing round 0: 0 pending of 70
== listing_info round 0: 52 pending of 90
[16:30:08] listing_info_r0_0001_1791361806: 15 calls in 2s; ok=0
[16:30:08] listing_info_r0_0000_1791361806: 15 calls in 2s; ok=0
[16:30:08] listing_info_r0_0002_1791361806: 15 calls in 2s; ok=0
[16:30:08] quota hit in listing_info; sleeping 20 min
== listing round 0: 0 pending of 70
== listing_info round 0: 52 pending of 90
[16:50:10] listing_info_r0_0000_1791363008: 15 calls in 2s; ok=0
[16:50:10] listing_info_r0_0002_1791363008: 15 calls in 2s; ok=0
[16:50:10] listing_info_r0_0001_1791363008: 15 calls in 2s; ok=0
[16:50:10] quota hit in listing_info; sleeping 20 min
== listing round 0: 0 pending of 70
== listing_info round 0: 52 pending of 90
[17:10:11] listing_info_r0_0000_1791364210: 15 calls in 1s; ok=0
[17:10:11] listing_info_r0_0002_1791364210: 15 calls in 2s; ok=0
[17:10:11] listing_info_r0_0001_1791364210: 15 calls in 2s; ok=0
[17:10:12] listing_info_r0_0003_1791364211: 7 calls in 2s; ok=0
[17:10:12] quota hit in listing_info; sleeping 20 min
== listing round 0: 0 pending of 70
== listing_info round 0: 42 pending of 90
[17:30:14] listing_info_r0_0000_1791365413: 15 calls in 2s; ok=0
[17:30:14] listing_info_r0_0001_1791365413: 15 calls in 2s; ok=0
[17:30:14] listing_info_r0_0002_1791365413: 12 calls in 2s; ok=0
[17:30:14] quota hit in listing_info; sleeping 20 min
